// Jest Snapshot v1, https://goo.gl/fbAQLP

exports[`Button component testing if input rendered correctly 1`] = `
<input
  data-testid="input-input-test"
  placeholder="button placeholder"
  type="text"
  value="button"
/>
`;

exports[`Button component testing if onchange works correctly 1`] = `
<input
  data-testid="input-input-test"
  placeholder="button placeholder"
  type="text"
  value="button"
/>
`;
